[2018.02.26 21:47:25.146] CGPKISecureWeb::Login()
[2018.02.26 21:47:39.322] CGPKISecureWeb::Login()
[2018.02.26 21:51:42.976] CGPKISecureWeb::Login()
